environment,condition,invocation,n,mean_us,median_us,p90_us,p99_us,min_us,max_us,stddev_us,timer_overhead_us,node_version,openssl_version,platform
psao/distro-node:ubuntu24.04,jwt_hs_string,1,20000,444.4136,438.9100,474.5710,549.3780,378.4000,3123.6250,54.7356,0.0830,v18.19.1,3.0.13,linux/x64
environment,condition,invocation,n,mean_us,median_us,p90_us,p99_us,min_us,max_us,stddev_us,timer_overhead_us,node_version,openssl_version,platform
psao/distro-node:ubuntu24.04,jwt_hs_preparsed,1,20000,10.8027,9.5550,11.4200,29.8350,9.0050,650.2930,13.1375,0.0810,v18.19.1,3.0.13,linux/x64
environment,condition,invocation,n,mean_us,median_us,p90_us,p99_us,min_us,max_us,stddev_us,timer_overhead_us,node_version,openssl_version,platform
psao/distro-node:ubuntu24.04,jwt_hs_string_safe,1,20000,14.5053,12.0690,19.1060,41.6280,10.9650,1094.0020,25.1907,0.0790,v18.19.1,3.0.13,linux/x64
environment,condition,invocation,n,mean_us,median_us,p90_us,p99_us,min_us,max_us,stddev_us,timer_overhead_us,node_version,openssl_version,platform
psao/distro-node:ubuntu24.04,probe_throws,1,20000,430.8521,420.0240,467.4080,677.3400,362.1980,1677.5120,51.6730,0.0850,v18.19.1,3.0.13,linux/x64
environment,condition,invocation,n,mean_us,median_us,p90_us,p99_us,min_us,max_us,stddev_us,timer_overhead_us,node_version,openssl_version,platform
psao/distro-node:ubuntu24.04,probe_succeeds,1,20000,137.1407,123.1750,178.2430,235.9180,112.1070,5866.3620,87.5223,0.0800,v18.19.1,3.0.13,linux/x64
environment,condition,invocation,n,mean_us,median_us,p90_us,p99_us,min_us,max_us,stddev_us,timer_overhead_us,node_version,openssl_version,platform
psao/distro-node:ubuntu24.04,jwt_hs_string,2,20000,457.6984,446.4910,500.9150,651.7000,381.4080,2489.0660,64.8797,0.0810,v18.19.1,3.0.13,linux/x64
environment,condition,invocation,n,mean_us,median_us,p90_us,p99_us,min_us,max_us,stddev_us,timer_overhead_us,node_version,openssl_version,platform
psao/distro-node:ubuntu24.04,jwt_hs_preparsed,2,20000,11.5912,10.1160,11.9170,32.2340,9.0990,602.2660,14.6103,0.0780,v18.19.1,3.0.13,linux/x64
environment,condition,invocation,n,mean_us,median_us,p90_us,p99_us,min_us,max_us,stddev_us,timer_overhead_us,node_version,openssl_version,platform
psao/distro-node:ubuntu24.04,jwt_hs_string_safe,2,20000,14.2106,11.9580,16.4980,41.4170,10.9610,833.5970,24.1550,0.0730,v18.19.1,3.0.13,linux/x64
environment,condition,invocation,n,mean_us,median_us,p90_us,p99_us,min_us,max_us,stddev_us,timer_overhead_us,node_version,openssl_version,platform
psao/distro-node:ubuntu24.04,probe_throws,2,20000,429.3843,417.0660,464.0510,702.2790,370.4470,1551.6140,51.1448,0.0790,v18.19.1,3.0.13,linux/x64
environment,condition,invocation,n,mean_us,median_us,p90_us,p99_us,min_us,max_us,stddev_us,timer_overhead_us,node_version,openssl_version,platform
psao/distro-node:ubuntu24.04,probe_succeeds,2,20000,129.1762,121.6690,144.2160,204.1600,109.2690,5194.5660,80.1173,0.0810,v18.19.1,3.0.13,linux/x64
environment,condition,invocation,n,mean_us,median_us,p90_us,p99_us,min_us,max_us,stddev_us,timer_overhead_us,node_version,openssl_version,platform
psao/distro-node:ubuntu24.04,jwt_hs_string,3,20000,456.8115,441.9350,497.4320,766.6480,358.6130,2287.5390,74.4402,0.0770,v18.19.1,3.0.13,linux/x64
environment,condition,invocation,n,mean_us,median_us,p90_us,p99_us,min_us,max_us,stddev_us,timer_overhead_us,node_version,openssl_version,platform
psao/distro-node:ubuntu24.04,jwt_hs_preparsed,3,20000,12.1062,9.9180,16.3620,39.5200,9.1380,1173.0760,16.0613,0.0820,v18.19.1,3.0.13,linux/x64
environment,condition,invocation,n,mean_us,median_us,p90_us,p99_us,min_us,max_us,stddev_us,timer_overhead_us,node_version,openssl_version,platform
psao/distro-node:ubuntu24.04,jwt_hs_string_safe,3,20000,16.0560,12.6590,18.1190,58.7860,11.7820,1215.3800,29.6618,0.0780,v18.19.1,3.0.13,linux/x64
environment,condition,invocation,n,mean_us,median_us,p90_us,p99_us,min_us,max_us,stddev_us,timer_overhead_us,node_version,openssl_version,platform
psao/distro-node:ubuntu24.04,probe_throws,3,20000,423.6212,413.4010,451.0870,664.6970,340.3380,1218.3850,47.1452,0.0780,v18.19.1,3.0.13,linux/x64
environment,condition,invocation,n,mean_us,median_us,p90_us,p99_us,min_us,max_us,stddev_us,timer_overhead_us,node_version,openssl_version,platform
psao/distro-node:ubuntu24.04,probe_succeeds,3,20000,135.3998,123.7400,168.2570,223.7110,110.6210,5928.4200,89.0968,0.0810,v18.19.1,3.0.13,linux/x64
environment,condition,invocation,n,mean_us,median_us,p90_us,p99_us,min_us,max_us,stddev_us,timer_overhead_us,node_version,openssl_version,platform
psao/distro-node:ubuntu24.04,jwt_hs_string,4,20000,471.1335,450.3050,527.7470,817.5520,395.0280,1922.4460,81.4391,0.0760,v18.19.1,3.0.13,linux/x64
environment,condition,invocation,n,mean_us,median_us,p90_us,p99_us,min_us,max_us,stddev_us,timer_overhead_us,node_version,openssl_version,platform
psao/distro-node:ubuntu24.04,jwt_hs_preparsed,4,20000,10.8446,9.5860,10.9100,29.4540,8.9120,666.2500,13.8183,0.0810,v18.19.1,3.0.13,linux/x64
environment,condition,invocation,n,mean_us,median_us,p90_us,p99_us,min_us,max_us,stddev_us,timer_overhead_us,node_version,openssl_version,platform
psao/distro-node:ubuntu24.04,jwt_hs_string_safe,4,20000,14.4853,12.1640,16.2430,39.0570,11.3110,1118.7550,27.4234,0.0770,v18.19.1,3.0.13,linux/x64
environment,condition,invocation,n,mean_us,median_us,p90_us,p99_us,min_us,max_us,stddev_us,timer_overhead_us,node_version,openssl_version,platform
psao/distro-node:ubuntu24.04,probe_throws,4,20000,437.2626,420.7990,480.5470,741.1000,372.8610,1282.9160,63.2081,0.0760,v18.19.1,3.0.13,linux/x64
environment,condition,invocation,n,mean_us,median_us,p90_us,p99_us,min_us,max_us,stddev_us,timer_overhead_us,node_version,openssl_version,platform
psao/distro-node:ubuntu24.04,probe_succeeds,4,20000,130.1455,121.8910,146.7160,198.5800,113.2920,5853.8950,83.6297,0.0770,v18.19.1,3.0.13,linux/x64
environment,condition,invocation,n,mean_us,median_us,p90_us,p99_us,min_us,max_us,stddev_us,timer_overhead_us,node_version,openssl_version,platform
psao/distro-node:ubuntu24.04,jwt_hs_string,5,20000,464.3266,446.0300,516.7250,795.6200,379.0520,2771.5320,82.2187,0.0760,v18.19.1,3.0.13,linux/x64
environment,condition,invocation,n,mean_us,median_us,p90_us,p99_us,min_us,max_us,stddev_us,timer_overhead_us,node_version,openssl_version,platform
psao/distro-node:ubuntu24.04,jwt_hs_preparsed,5,20000,11.1146,9.5380,11.7880,30.5100,8.8560,657.5240,15.0077,0.0790,v18.19.1,3.0.13,linux/x64
environment,condition,invocation,n,mean_us,median_us,p90_us,p99_us,min_us,max_us,stddev_us,timer_overhead_us,node_version,openssl_version,platform
psao/distro-node:ubuntu24.04,jwt_hs_string_safe,5,20000,14.9667,12.4210,16.0890,42.8700,11.4570,909.2760,25.7640,0.0840,v18.19.1,3.0.13,linux/x64
environment,condition,invocation,n,mean_us,median_us,p90_us,p99_us,min_us,max_us,stddev_us,timer_overhead_us,node_version,openssl_version,platform
psao/distro-node:ubuntu24.04,probe_throws,5,20000,427.4281,413.3780,460.4860,752.3630,360.8050,1807.5690,59.4164,0.0780,v18.19.1,3.0.13,linux/x64
environment,condition,invocation,n,mean_us,median_us,p90_us,p99_us,min_us,max_us,stddev_us,timer_overhead_us,node_version,openssl_version,platform
psao/distro-node:ubuntu24.04,probe_succeeds,5,20000,145.4287,125.8820,197.0520,267.0360,112.4780,7768.5790,105.9793,0.0780,v18.19.1,3.0.13,linux/x64
environment,condition,invocation,n,mean_us,median_us,p90_us,p99_us,min_us,max_us,stddev_us,timer_overhead_us,node_version,openssl_version,platform
psao/distro-node:ubuntu24.04,jwt_hs_string,6,20000,463.4041,445.6640,527.7140,769.8290,384.4750,2260.8240,76.0642,0.0780,v18.19.1,3.0.13,linux/x64
environment,condition,invocation,n,mean_us,median_us,p90_us,p99_us,min_us,max_us,stddev_us,timer_overhead_us,node_version,openssl_version,platform
psao/distro-node:ubuntu24.04,jwt_hs_preparsed,6,20000,11.4972,9.7480,12.5680,33.3910,9.2300,475.9500,15.6981,0.0780,v18.19.1,3.0.13,linux/x64
environment,condition,invocation,n,mean_us,median_us,p90_us,p99_us,min_us,max_us,stddev_us,timer_overhead_us,node_version,openssl_version,platform
psao/distro-node:ubuntu24.04,jwt_hs_string_safe,6,20000,15.9921,12.5750,21.2650,50.0440,11.5900,962.2220,28.6228,0.0760,v18.19.1,3.0.13,linux/x64
environment,condition,invocation,n,mean_us,median_us,p90_us,p99_us,min_us,max_us,stddev_us,timer_overhead_us,node_version,openssl_version,platform
psao/distro-node:ubuntu24.04,probe_throws,6,20000,435.8878,420.7440,480.4530,703.3500,352.0740,1594.4100,57.2033,0.0770,v18.19.1,3.0.13,linux/x64
environment,condition,invocation,n,mean_us,median_us,p90_us,p99_us,min_us,max_us,stddev_us,timer_overhead_us,node_version,openssl_version,platform
psao/distro-node:ubuntu24.04,probe_succeeds,6,20000,132.5776,122.5530,156.7940,207.3760,111.6810,5736.5790,96.5785,0.0780,v18.19.1,3.0.13,linux/x64
environment,condition,invocation,n,mean_us,median_us,p90_us,p99_us,min_us,max_us,stddev_us,timer_overhead_us,node_version,openssl_version,platform
psao/distro-node:ubuntu24.04,jwt_hs_string,7,20000,468.4890,450.4790,520.9740,789.6490,388.8690,3932.8510,83.3716,0.0840,v18.19.1,3.0.13,linux/x64
environment,condition,invocation,n,mean_us,median_us,p90_us,p99_us,min_us,max_us,stddev_us,timer_overhead_us,node_version,openssl_version,platform
psao/distro-node:ubuntu24.04,jwt_hs_preparsed,7,20000,11.5213,9.7570,13.9050,34.0800,9.1800,582.5030,13.0857,0.0790,v18.19.1,3.0.13,linux/x64
environment,condition,invocation,n,mean_us,median_us,p90_us,p99_us,min_us,max_us,stddev_us,timer_overhead_us,node_version,openssl_version,platform
psao/distro-node:ubuntu24.04,jwt_hs_string_safe,7,20000,15.1107,12.4720,16.7480,42.1280,11.4750,954.8520,26.6237,0.0860,v18.19.1,3.0.13,linux/x64
environment,condition,invocation,n,mean_us,median_us,p90_us,p99_us,min_us,max_us,stddev_us,timer_overhead_us,node_version,openssl_version,platform
psao/distro-node:ubuntu24.04,probe_throws,7,20000,423.6962,415.2570,454.8310,617.6970,364.6520,1109.8960,40.1082,0.0790,v18.19.1,3.0.13,linux/x64
environment,condition,invocation,n,mean_us,median_us,p90_us,p99_us,min_us,max_us,stddev_us,timer_overhead_us,node_version,openssl_version,platform
psao/distro-node:ubuntu24.04,probe_succeeds,7,20000,134.1180,122.8450,164.0010,232.4490,112.4880,5763.1020,88.0774,0.0760,v18.19.1,3.0.13,linux/x64
environment,condition,invocation,n,mean_us,median_us,p90_us,p99_us,min_us,max_us,stddev_us,timer_overhead_us,node_version,openssl_version,platform
psao/distro-node:ubuntu24.04,jwt_hs_string,8,20000,474.6442,451.8490,546.9890,789.1860,392.2950,2424.0980,84.0398,0.0810,v18.19.1,3.0.13,linux/x64
environment,condition,invocation,n,mean_us,median_us,p90_us,p99_us,min_us,max_us,stddev_us,timer_overhead_us,node_version,openssl_version,platform
psao/distro-node:ubuntu24.04,jwt_hs_preparsed,8,20000,11.4914,10.0440,11.9530,31.2620,9.1260,669.2420,15.5033,0.0790,v18.19.1,3.0.13,linux/x64
environment,condition,invocation,n,mean_us,median_us,p90_us,p99_us,min_us,max_us,stddev_us,timer_overhead_us,node_version,openssl_version,platform
psao/distro-node:ubuntu24.04,jwt_hs_string_safe,8,20000,14.6603,12.2100,15.6760,39.7290,11.2120,1125.7910,26.0770,0.0800,v18.19.1,3.0.13,linux/x64
environment,condition,invocation,n,mean_us,median_us,p90_us,p99_us,min_us,max_us,stddev_us,timer_overhead_us,node_version,openssl_version,platform
psao/distro-node:ubuntu24.04,probe_throws,8,20000,442.7549,420.7050,482.0670,821.1780,364.3550,2406.2470,88.1259,0.0770,v18.19.1,3.0.13,linux/x64
environment,condition,invocation,n,mean_us,median_us,p90_us,p99_us,min_us,max_us,stddev_us,timer_overhead_us,node_version,openssl_version,platform
psao/distro-node:ubuntu24.04,probe_succeeds,8,20000,132.1069,122.7510,152.2740,221.3800,112.6460,5695.1170,79.0614,0.0890,v18.19.1,3.0.13,linux/x64
environment,condition,invocation,n,mean_us,median_us,p90_us,p99_us,min_us,max_us,stddev_us,timer_overhead_us,node_version,openssl_version,platform
psao/distro-node:ubuntu24.04,jwt_hs_string,9,20000,478.0046,451.6040,543.2460,878.5870,381.3780,4519.2200,107.4039,0.0790,v18.19.1,3.0.13,linux/x64
environment,condition,invocation,n,mean_us,median_us,p90_us,p99_us,min_us,max_us,stddev_us,timer_overhead_us,node_version,openssl_version,platform
psao/distro-node:ubuntu24.04,jwt_hs_preparsed,9,20000,11.8649,9.7350,14.5170,41.3630,9.0310,718.2150,16.4161,0.0760,v18.19.1,3.0.13,linux/x64
environment,condition,invocation,n,mean_us,median_us,p90_us,p99_us,min_us,max_us,stddev_us,timer_overhead_us,node_version,openssl_version,platform
psao/distro-node:ubuntu24.04,jwt_hs_string_safe,9,20000,14.1898,12.1880,14.3900,37.6160,11.3250,992.3580,25.6051,0.0810,v18.19.1,3.0.13,linux/x64
environment,condition,invocation,n,mean_us,median_us,p90_us,p99_us,min_us,max_us,stddev_us,timer_overhead_us,node_version,openssl_version,platform
psao/distro-node:ubuntu24.04,probe_throws,9,20000,430.9232,416.4510,463.9410,713.1720,370.9370,2589.7880,60.1678,0.0730,v18.19.1,3.0.13,linux/x64
environment,condition,invocation,n,mean_us,median_us,p90_us,p99_us,min_us,max_us,stddev_us,timer_overhead_us,node_version,openssl_version,platform
psao/distro-node:ubuntu24.04,probe_succeeds,9,20000,130.8405,121.8290,154.9490,207.7170,101.7220,6349.2110,85.0980,0.0820,v18.19.1,3.0.13,linux/x64
environment,condition,invocation,n,mean_us,median_us,p90_us,p99_us,min_us,max_us,stddev_us,timer_overhead_us,node_version,openssl_version,platform
psao/distro-node:ubuntu24.04,jwt_hs_string,10,20000,453.7454,442.3780,484.5040,746.6260,390.0740,1912.6430,66.7426,0.0810,v18.19.1,3.0.13,linux/x64
environment,condition,invocation,n,mean_us,median_us,p90_us,p99_us,min_us,max_us,stddev_us,timer_overhead_us,node_version,openssl_version,platform
psao/distro-node:ubuntu24.04,jwt_hs_preparsed,10,20000,11.3353,9.6600,12.1690,34.0250,8.9660,431.7980,14.5927,0.0800,v18.19.1,3.0.13,linux/x64
environment,condition,invocation,n,mean_us,median_us,p90_us,p99_us,min_us,max_us,stddev_us,timer_overhead_us,node_version,openssl_version,platform
psao/distro-node:ubuntu24.04,jwt_hs_string_safe,10,20000,15.1632,12.2540,19.8070,62.8570,11.3540,950.4060,24.7291,0.0770,v18.19.1,3.0.13,linux/x64
environment,condition,invocation,n,mean_us,median_us,p90_us,p99_us,min_us,max_us,stddev_us,timer_overhead_us,node_version,openssl_version,platform
psao/distro-node:ubuntu24.04,probe_throws,10,20000,418.8877,410.5300,444.9530,631.4150,348.2020,1187.1290,40.3366,0.0760,v18.19.1,3.0.13,linux/x64
environment,condition,invocation,n,mean_us,median_us,p90_us,p99_us,min_us,max_us,stddev_us,timer_overhead_us,node_version,openssl_version,platform
psao/distro-node:ubuntu24.04,probe_succeeds,10,20000,129.9207,121.7330,146.6490,197.3550,108.6430,7208.5130,89.5649,0.0770,v18.19.1,3.0.13,linux/x64
environment,condition,invocation,n,mean_us,median_us,p90_us,p99_us,min_us,max_us,stddev_us,timer_overhead_us,node_version,openssl_version,platform
node:18.20.8-alpine,jwt_hs_string,1,20000,710.6496,684.1670,791.4760,1073.5910,563.6350,3580.5990,91.1295,0.0770,v18.20.8,3.0.16,linux/x64
environment,condition,invocation,n,mean_us,median_us,p90_us,p99_us,min_us,max_us,stddev_us,timer_overhead_us,node_version,openssl_version,platform
node:18.20.8-alpine,jwt_hs_preparsed,1,20000,11.4183,10.1530,11.1740,28.0650,9.4900,387.5420,13.5265,0.0740,v18.20.8,3.0.16,linux/x64
environment,condition,invocation,n,mean_us,median_us,p90_us,p99_us,min_us,max_us,stddev_us,timer_overhead_us,node_version,openssl_version,platform
node:18.20.8-alpine,jwt_hs_string_safe,1,20000,14.9255,12.6730,15.0750,38.8050,11.7270,741.4590,24.4931,0.0780,v18.20.8,3.0.16,linux/x64
environment,condition,invocation,n,mean_us,median_us,p90_us,p99_us,min_us,max_us,stddev_us,timer_overhead_us,node_version,openssl_version,platform
node:18.20.8-alpine,probe_throws,1,20000,650.6509,634.3580,699.6760,930.2910,557.8550,1444.2420,61.0916,0.0770,v18.20.8,3.0.16,linux/x64
environment,condition,invocation,n,mean_us,median_us,p90_us,p99_us,min_us,max_us,stddev_us,timer_overhead_us,node_version,openssl_version,platform
node:18.20.8-alpine,probe_succeeds,1,20000,208.1452,194.8560,247.8530,317.4410,155.4860,7546.5930,117.4133,0.0760,v18.20.8,3.0.16,linux/x64
environment,condition,invocation,n,mean_us,median_us,p90_us,p99_us,min_us,max_us,stddev_us,timer_overhead_us,node_version,openssl_version,platform
node:18.20.8-alpine,jwt_hs_string,2,20000,712.3201,687.5020,779.9360,1094.5950,601.5780,1954.8210,82.0343,0.0770,v18.20.8,3.0.16,linux/x64
environment,condition,invocation,n,mean_us,median_us,p90_us,p99_us,min_us,max_us,stddev_us,timer_overhead_us,node_version,openssl_version,platform
node:18.20.8-alpine,jwt_hs_preparsed,2,20000,14.4230,10.2480,25.1940,44.4670,9.4270,541.3650,17.1296,0.0750,v18.20.8,3.0.16,linux/x64
environment,condition,invocation,n,mean_us,median_us,p90_us,p99_us,min_us,max_us,stddev_us,timer_overhead_us,node_version,openssl_version,platform
node:18.20.8-alpine,jwt_hs_string_safe,2,20000,15.9145,12.6840,20.9530,48.3610,11.3290,783.3220,23.0001,0.0740,v18.20.8,3.0.16,linux/x64
environment,condition,invocation,n,mean_us,median_us,p90_us,p99_us,min_us,max_us,stddev_us,timer_overhead_us,node_version,openssl_version,platform
node:18.20.8-alpine,probe_throws,2,20000,642.3420,631.8330,681.2750,911.7470,519.6500,1651.8900,55.2581,0.0730,v18.20.8,3.0.16,linux/x64
environment,condition,invocation,n,mean_us,median_us,p90_us,p99_us,min_us,max_us,stddev_us,timer_overhead_us,node_version,openssl_version,platform
node:18.20.8-alpine,probe_succeeds,2,20000,204.3089,191.9880,233.9380,315.0070,165.9180,9652.2960,121.2620,0.0750,v18.20.8,3.0.16,linux/x64
environment,condition,invocation,n,mean_us,median_us,p90_us,p99_us,min_us,max_us,stddev_us,timer_overhead_us,node_version,openssl_version,platform
node:18.20.8-alpine,jwt_hs_string,3,20000,725.2743,690.7100,817.9480,1125.6260,598.3400,2052.4150,102.1006,0.0780,v18.20.8,3.0.16,linux/x64
environment,condition,invocation,n,mean_us,median_us,p90_us,p99_us,min_us,max_us,stddev_us,timer_overhead_us,node_version,openssl_version,platform
node:18.20.8-alpine,jwt_hs_preparsed,3,20000,12.5165,10.4290,15.9770,39.6950,9.6540,462.8980,14.7248,0.0750,v18.20.8,3.0.16,linux/x64
environment,condition,invocation,n,mean_us,median_us,p90_us,p99_us,min_us,max_us,stddev_us,timer_overhead_us,node_version,openssl_version,platform
node:18.20.8-alpine,jwt_hs_string_safe,3,20000,16.3985,12.8690,20.2960,48.2470,11.9890,759.1440,27.4881,0.0750,v18.20.8,3.0.16,linux/x64
environment,condition,invocation,n,mean_us,median_us,p90_us,p99_us,min_us,max_us,stddev_us,timer_overhead_us,node_version,openssl_version,platform
node:18.20.8-alpine,probe_throws,3,20000,645.9451,633.3530,684.6000,912.6270,559.0810,1315.7970,55.9033,0.0780,v18.20.8,3.0.16,linux/x64
environment,condition,invocation,n,mean_us,median_us,p90_us,p99_us,min_us,max_us,stddev_us,timer_overhead_us,node_version,openssl_version,platform
node:18.20.8-alpine,probe_succeeds,3,20000,205.0988,194.0770,231.6840,301.7770,171.4070,7289.5220,113.7780,0.0750,v18.20.8,3.0.16,linux/x64
environment,condition,invocation,n,mean_us,median_us,p90_us,p99_us,min_us,max_us,stddev_us,timer_overhead_us,node_version,openssl_version,platform
node:18.20.8-alpine,jwt_hs_string,4,20000,705.9580,684.5220,762.3390,1061.3270,603.7520,5278.6030,89.5959,0.0780,v18.20.8,3.0.16,linux/x64
environment,condition,invocation,n,mean_us,median_us,p90_us,p99_us,min_us,max_us,stddev_us,timer_overhead_us,node_version,openssl_version,platform
node:18.20.8-alpine,jwt_hs_preparsed,4,20000,11.8633,9.9360,15.5270,36.1410,9.1110,419.0980,14.6754,0.0740,v18.20.8,3.0.16,linux/x64
environment,condition,invocation,n,mean_us,median_us,p90_us,p99_us,min_us,max_us,stddev_us,timer_overhead_us,node_version,openssl_version,platform
node:18.20.8-alpine,jwt_hs_string_safe,4,20000,15.5838,13.0410,18.2390,43.8030,11.6310,722.8280,24.0334,0.0780,v18.20.8,3.0.16,linux/x64
environment,condition,invocation,n,mean_us,median_us,p90_us,p99_us,min_us,max_us,stddev_us,timer_overhead_us,node_version,openssl_version,platform
node:18.20.8-alpine,probe_throws,4,20000,651.1027,634.6450,701.0050,940.7010,555.3920,2611.9750,76.8065,0.0770,v18.20.8,3.0.16,linux/x64
environment,condition,invocation,n,mean_us,median_us,p90_us,p99_us,min_us,max_us,stddev_us,timer_overhead_us,node_version,openssl_version,platform
node:18.20.8-alpine,probe_succeeds,4,20000,198.4362,189.5800,219.6800,283.4550,169.3900,7325.2990,99.9905,0.0750,v18.20.8,3.0.16,linux/x64
environment,condition,invocation,n,mean_us,median_us,p90_us,p99_us,min_us,max_us,stddev_us,timer_overhead_us,node_version,openssl_version,platform
node:18.20.8-alpine,jwt_hs_string,5,20000,684.5952,675.0220,719.1960,919.9970,571.8770,1692.2460,56.5189,0.0740,v18.20.8,3.0.16,linux/x64
environment,condition,invocation,n,mean_us,median_us,p90_us,p99_us,min_us,max_us,stddev_us,timer_overhead_us,node_version,openssl_version,platform
node:18.20.8-alpine,jwt_hs_preparsed,5,20000,12.5747,10.3950,16.5810,37.1550,9.2930,374.9500,13.5417,0.0880,v18.20.8,3.0.16,linux/x64
environment,condition,invocation,n,mean_us,median_us,p90_us,p99_us,min_us,max_us,stddev_us,timer_overhead_us,node_version,openssl_version,platform
node:18.20.8-alpine,jwt_hs_string_safe,5,20000,15.1087,12.6300,18.5200,40.7280,11.3770,781.2270,23.6540,0.0740,v18.20.8,3.0.16,linux/x64
environment,condition,invocation,n,mean_us,median_us,p90_us,p99_us,min_us,max_us,stddev_us,timer_overhead_us,node_version,openssl_version,platform
node:18.20.8-alpine,probe_throws,5,20000,644.2799,632.7590,679.8260,926.0010,558.7350,1996.6890,57.5279,0.0750,v18.20.8,3.0.16,linux/x64
environment,condition,invocation,n,mean_us,median_us,p90_us,p99_us,min_us,max_us,stddev_us,timer_overhead_us,node_version,openssl_version,platform
node:18.20.8-alpine,probe_succeeds,5,20000,197.3504,188.6980,219.3470,261.2050,154.2470,6791.1470,105.5591,0.0770,v18.20.8,3.0.16,linux/x64
environment,condition,invocation,n,mean_us,median_us,p90_us,p99_us,min_us,max_us,stddev_us,timer_overhead_us,node_version,openssl_version,platform
node:18.20.8-alpine,jwt_hs_string,6,20000,691.1965,677.9610,742.3150,1006.1440,550.2910,2015.1420,67.4750,0.0760,v18.20.8,3.0.16,linux/x64
environment,condition,invocation,n,mean_us,median_us,p90_us,p99_us,min_us,max_us,stddev_us,timer_overhead_us,node_version,openssl_version,platform
node:18.20.8-alpine,jwt_hs_preparsed,6,20000,12.6379,10.4030,16.1290,39.7320,9.6420,478.8600,16.0847,0.0760,v18.20.8,3.0.16,linux/x64
environment,condition,invocation,n,mean_us,median_us,p90_us,p99_us,min_us,max_us,stddev_us,timer_overhead_us,node_version,openssl_version,platform
node:18.20.8-alpine,jwt_hs_string_safe,6,20000,15.5305,12.9120,18.2870,45.6750,11.8360,591.5260,23.5867,0.0750,v18.20.8,3.0.16,linux/x64
environment,condition,invocation,n,mean_us,median_us,p90_us,p99_us,min_us,max_us,stddev_us,timer_overhead_us,node_version,openssl_version,platform
node:18.20.8-alpine,probe_throws,6,20000,658.7598,640.3840,704.0350,954.7540,571.2490,1501.1900,64.5272,0.1100,v18.20.8,3.0.16,linux/x64
environment,condition,invocation,n,mean_us,median_us,p90_us,p99_us,min_us,max_us,stddev_us,timer_overhead_us,node_version,openssl_version,platform
node:18.20.8-alpine,probe_succeeds,6,20000,200.3772,190.5850,221.8270,273.6630,169.8850,7481.2000,111.1254,0.0750,v18.20.8,3.0.16,linux/x64
environment,condition,invocation,n,mean_us,median_us,p90_us,p99_us,min_us,max_us,stddev_us,timer_overhead_us,node_version,openssl_version,platform
node:18.20.8-alpine,jwt_hs_string,7,20000,764.2703,722.9320,897.6500,1159.6550,614.9160,2814.3760,115.6582,0.0760,v18.20.8,3.0.16,linux/x64
environment,condition,invocation,n,mean_us,median_us,p90_us,p99_us,min_us,max_us,stddev_us,timer_overhead_us,node_version,openssl_version,platform
node:18.20.8-alpine,jwt_hs_string_safe,7,20000,15.9137,12.9860,19.3840,47.9480,11.9540,779.3600,25.6525,0.0750,v18.20.8,3.0.16,linux/x64
environment,condition,invocation,n,mean_us,median_us,p90_us,p99_us,min_us,max_us,stddev_us,timer_overhead_us,node_version,openssl_version,platform
node:18.20.8-alpine,probe_throws,7,20000,636.2638,631.8000,662.3770,853.0870,556.4270,1618.3190,41.8652,0.0750,v18.20.8,3.0.16,linux/x64
environment,condition,invocation,n,mean_us,median_us,p90_us,p99_us,min_us,max_us,stddev_us,timer_overhead_us,node_version,openssl_version,platform
node:18.20.8-alpine,probe_succeeds,7,20000,202.2484,191.1450,224.6340,303.2200,170.0680,9702.8400,120.1937,0.0750,v18.20.8,3.0.16,linux/x64
environment,condition,invocation,n,mean_us,median_us,p90_us,p99_us,min_us,max_us,stddev_us,timer_overhead_us,node_version,openssl_version,platform
node:18.20.8-alpine,jwt_hs_string,8,20000,723.2675,698.2570,797.5720,1058.2270,602.2730,7290.4420,91.1251,0.0750,v18.20.8,3.0.16,linux/x64
environment,condition,invocation,n,mean_us,median_us,p90_us,p99_us,min_us,max_us,stddev_us,timer_overhead_us,node_version,openssl_version,platform
node:18.20.8-alpine,jwt_hs_preparsed,8,20000,11.5447,10.0590,11.6270,28.5880,9.3360,491.2240,15.6027,0.0770,v18.20.8,3.0.16,linux/x64
environment,condition,invocation,n,mean_us,median_us,p90_us,p99_us,min_us,max_us,stddev_us,timer_overhead_us,node_version,openssl_version,platform
node:18.20.8-alpine,jwt_hs_string_safe,8,20000,15.8834,13.0420,17.5770,53.9190,12.0170,651.1010,24.8460,0.0780,v18.20.8,3.0.16,linux/x64
environment,condition,invocation,n,mean_us,median_us,p90_us,p99_us,min_us,max_us,stddev_us,timer_overhead_us,node_version,openssl_version,platform
node:18.20.8-alpine,probe_throws,8,20000,649.9308,641.2190,677.8880,913.5450,546.9540,1810.7930,51.4109,0.0770,v18.20.8,3.0.16,linux/x64
environment,condition,invocation,n,mean_us,median_us,p90_us,p99_us,min_us,max_us,stddev_us,timer_overhead_us,node_version,openssl_version,platform
node:18.20.8-alpine,probe_succeeds,8,20000,201.7003,193.2100,224.5900,274.1690,170.1820,7621.5850,113.3464,0.0750,v18.20.8,3.0.16,linux/x64
environment,condition,invocation,n,mean_us,median_us,p90_us,p99_us,min_us,max_us,stddev_us,timer_overhead_us,node_version,openssl_version,platform
node:18.20.8-alpine,jwt_hs_string,9,20000,713.4766,685.7000,777.8120,1106.4590,607.7680,2963.9040,90.9398,0.0780,v18.20.8,3.0.16,linux/x64
environment,condition,invocation,n,mean_us,median_us,p90_us,p99_us,min_us,max_us,stddev_us,timer_overhead_us,node_version,openssl_version,platform
node:18.20.8-alpine,jwt_hs_preparsed,9,20000,12.3931,10.1360,15.7960,38.1600,9.3080,419.4300,15.3878,0.0760,v18.20.8,3.0.16,linux/x64
environment,condition,invocation,n,mean_us,median_us,p90_us,p99_us,min_us,max_us,stddev_us,timer_overhead_us,node_version,openssl_version,platform
node:18.20.8-alpine,jwt_hs_string_safe,9,20000,15.6822,12.7730,19.3500,45.2260,11.7510,756.4690,25.6109,0.0790,v18.20.8,3.0.16,linux/x64
environment,condition,invocation,n,mean_us,median_us,p90_us,p99_us,min_us,max_us,stddev_us,timer_overhead_us,node_version,openssl_version,platform
node:18.20.8-alpine,probe_throws,9,20000,668.8859,644.2670,742.3090,967.0700,578.7920,1913.8650,75.5070,0.0770,v18.20.8,3.0.16,linux/x64
environment,condition,invocation,n,mean_us,median_us,p90_us,p99_us,min_us,max_us,stddev_us,timer_overhead_us,node_version,openssl_version,platform
node:18.20.8-alpine,probe_succeeds,9,20000,202.3186,192.0350,226.5910,280.7440,171.1370,7283.6260,109.9871,0.0800,v18.20.8,3.0.16,linux/x64
environment,condition,invocation,n,mean_us,median_us,p90_us,p99_us,min_us,max_us,stddev_us,timer_overhead_us,node_version,openssl_version,platform
node:18.20.8-alpine,jwt_hs_string,10,20000,707.1112,684.6960,766.1600,1045.3900,614.1940,1871.5040,75.6176,0.0760,v18.20.8,3.0.16,linux/x64
environment,condition,invocation,n,mean_us,median_us,p90_us,p99_us,min_us,max_us,stddev_us,timer_overhead_us,node_version,openssl_version,platform
node:18.20.8-alpine,jwt_hs_preparsed,10,20000,11.8803,10.2240,13.3870,33.4220,9.5410,434.4130,14.9122,0.0770,v18.20.8,3.0.16,linux/x64
environment,condition,invocation,n,mean_us,median_us,p90_us,p99_us,min_us,max_us,stddev_us,timer_overhead_us,node_version,openssl_version,platform
node:18.20.8-alpine,jwt_hs_string_safe,10,20000,15.6173,12.8700,17.5350,41.7980,11.5210,1318.7350,29.0032,0.0750,v18.20.8,3.0.16,linux/x64
environment,condition,invocation,n,mean_us,median_us,p90_us,p99_us,min_us,max_us,stddev_us,timer_overhead_us,node_version,openssl_version,platform
node:18.20.8-alpine,probe_throws,10,20000,631.9407,629.6410,654.8500,853.0950,557.6900,1312.8360,38.6198,0.0750,v18.20.8,3.0.16,linux/x64
environment,condition,invocation,n,mean_us,median_us,p90_us,p99_us,min_us,max_us,stddev_us,timer_overhead_us,node_version,openssl_version,platform
node:18.20.8-alpine,probe_succeeds,10,20000,210.9333,196.9540,244.6040,341.2260,171.1890,9396.7160,126.5864,0.0780,v18.20.8,3.0.16,linux/x64
environment,condition,invocation,n,mean_us,median_us,p90_us,p99_us,min_us,max_us,stddev_us,timer_overhead_us,node_version,openssl_version,platform
node:26.6.0-alpine,jwt_hs_string,1,20000,74.2150,60.9700,99.1710,195.1250,35.4400,1106.7300,50.3389,0.0600,v26.6.0,3.5.7,linux/x64
environment,condition,invocation,n,mean_us,median_us,p90_us,p99_us,min_us,max_us,stddev_us,timer_overhead_us,node_version,openssl_version,platform
node:26.6.0-alpine,jwt_hs_preparsed,1,20000,11.7784,8.3040,13.6840,54.1630,7.4120,2000.0110,28.3096,0.0600,v26.6.0,3.5.7,linux/x64
environment,condition,invocation,n,mean_us,median_us,p90_us,p99_us,min_us,max_us,stddev_us,timer_overhead_us,node_version,openssl_version,platform
node:26.6.0-alpine,jwt_hs_string_safe,1,20000,13.3790,9.5600,14.9360,57.2510,8.4480,2181.4690,36.6160,0.0600,v26.6.0,3.5.7,linux/x64
environment,condition,invocation,n,mean_us,median_us,p90_us,p99_us,min_us,max_us,stddev_us,timer_overhead_us,node_version,openssl_version,platform
node:26.6.0-alpine,probe_throws,1,20000,44.4907,39.1380,56.7790,97.7760,24.1120,943.2170,22.3013,0.0600,v26.6.0,3.5.7,linux/x64
environment,condition,invocation,n,mean_us,median_us,p90_us,p99_us,min_us,max_us,stddev_us,timer_overhead_us,node_version,openssl_version,platform
node:26.6.0-alpine,probe_succeeds,1,20000,23.6890,18.6840,29.7510,59.3010,16.2330,9957.7400,125.0113,0.0600,v26.6.0,3.5.7,linux/x64
environment,condition,invocation,n,mean_us,median_us,p90_us,p99_us,min_us,max_us,stddev_us,timer_overhead_us,node_version,openssl_version,platform
node:26.6.0-alpine,jwt_hs_string,2,20000,66.9331,58.1020,85.3390,157.6610,35.9490,1020.6370,42.2630,0.0700,v26.6.0,3.5.7,linux/x64
environment,condition,invocation,n,mean_us,median_us,p90_us,p99_us,min_us,max_us,stddev_us,timer_overhead_us,node_version,openssl_version,platform
node:26.6.0-alpine,jwt_hs_preparsed,2,20000,12.1164,8.4290,13.6760,54.4040,7.5980,1808.6410,29.4469,0.0600,v26.6.0,3.5.7,linux/x64
environment,condition,invocation,n,mean_us,median_us,p90_us,p99_us,min_us,max_us,stddev_us,timer_overhead_us,node_version,openssl_version,platform
node:26.6.0-alpine,jwt_hs_string_safe,2,20000,13.9030,9.7220,15.6010,57.8950,8.4440,2881.0830,39.8249,0.0600,v26.6.0,3.5.7,linux/x64
environment,condition,invocation,n,mean_us,median_us,p90_us,p99_us,min_us,max_us,stddev_us,timer_overhead_us,node_version,openssl_version,platform
node:26.6.0-alpine,probe_throws,2,20000,46.5022,40.3290,59.2890,103.3480,24.8360,1200.8780,23.7824,0.0620,v26.6.0,3.5.7,linux/x64
environment,condition,invocation,n,mean_us,median_us,p90_us,p99_us,min_us,max_us,stddev_us,timer_overhead_us,node_version,openssl_version,platform
node:26.6.0-alpine,probe_succeeds,2,20000,24.7850,19.6240,33.2280,65.4400,16.7140,10624.5530,122.0674,0.0600,v26.6.0,3.5.7,linux/x64
environment,condition,invocation,n,mean_us,median_us,p90_us,p99_us,min_us,max_us,stddev_us,timer_overhead_us,node_version,openssl_version,platform
node:26.6.0-alpine,jwt_hs_string,3,20000,69.0984,58.6370,91.4530,164.1860,35.7070,1230.2670,45.9682,0.0600,v26.6.0,3.5.7,linux/x64
environment,condition,invocation,n,mean_us,median_us,p90_us,p99_us,min_us,max_us,stddev_us,timer_overhead_us,node_version,openssl_version,platform
node:26.6.0-alpine,jwt_hs_preparsed,3,20000,12.4811,8.2300,14.2500,54.8510,7.1880,951.0020,29.1907,0.0610,v26.6.0,3.5.7,linux/x64
environment,condition,invocation,n,mean_us,median_us,p90_us,p99_us,min_us,max_us,stddev_us,timer_overhead_us,node_version,openssl_version,platform
node:26.6.0-alpine,jwt_hs_string_safe,3,20000,14.2575,9.7570,16.0800,61.2490,8.7530,1333.0320,37.0959,0.0600,v26.6.0,3.5.7,linux/x64
environment,condition,invocation,n,mean_us,median_us,p90_us,p99_us,min_us,max_us,stddev_us,timer_overhead_us,node_version,openssl_version,platform
node:26.6.0-alpine,probe_throws,3,20000,45.2579,39.2480,58.5730,103.8520,29.3920,1139.2840,23.2689,0.0610,v26.6.0,3.5.7,linux/x64
environment,condition,invocation,n,mean_us,median_us,p90_us,p99_us,min_us,max_us,stddev_us,timer_overhead_us,node_version,openssl_version,platform
node:26.6.0-alpine,probe_succeeds,3,20000,23.8918,18.8750,31.0430,64.4900,17.0640,10032.6830,117.3331,0.0600,v26.6.0,3.5.7,linux/x64
environment,condition,invocation,n,mean_us,median_us,p90_us,p99_us,min_us,max_us,stddev_us,timer_overhead_us,node_version,openssl_version,platform
node:26.6.0-alpine,jwt_hs_string,4,20000,72.8118,59.7060,97.1860,176.2260,37.9320,1167.7530,47.7939,0.0640,v26.6.0,3.5.7,linux/x64
environment,condition,invocation,n,mean_us,median_us,p90_us,p99_us,min_us,max_us,stddev_us,timer_overhead_us,node_version,openssl_version,platform
node:26.6.0-alpine,jwt_hs_preparsed,4,20000,14.8286,8.2890,27.3850,65.7160,7.3560,1336.2370,30.3414,0.0600,v26.6.0,3.5.7,linux/x64
environment,condition,invocation,n,mean_us,median_us,p90_us,p99_us,min_us,max_us,stddev_us,timer_overhead_us,node_version,openssl_version,platform
node:26.6.0-alpine,jwt_hs_string_safe,4,20000,18.6529,9.7200,34.5050,75.3970,8.3010,3619.5190,44.3566,0.0610,v26.6.0,3.5.7,linux/x64
environment,condition,invocation,n,mean_us,median_us,p90_us,p99_us,min_us,max_us,stddev_us,timer_overhead_us,node_version,openssl_version,platform
node:26.6.0-alpine,probe_throws,4,20000,42.8123,38.9020,52.0870,88.9790,23.7010,851.6660,20.2854,0.0600,v26.6.0,3.5.7,linux/x64
environment,condition,invocation,n,mean_us,median_us,p90_us,p99_us,min_us,max_us,stddev_us,timer_overhead_us,node_version,openssl_version,platform
node:26.6.0-alpine,probe_succeeds,4,20000,26.4655,20.2720,34.2300,77.4090,16.6100,10914.7220,123.4716,0.0600,v26.6.0,3.5.7,linux/x64
environment,condition,invocation,n,mean_us,median_us,p90_us,p99_us,min_us,max_us,stddev_us,timer_overhead_us,node_version,openssl_version,platform
node:26.6.0-alpine,jwt_hs_string,5,20000,69.8691,58.6300,92.0110,178.2610,34.8940,4138.2580,54.8598,0.0600,v26.6.0,3.5.7,linux/x64
environment,condition,invocation,n,mean_us,median_us,p90_us,p99_us,min_us,max_us,stddev_us,timer_overhead_us,node_version,openssl_version,platform
node:26.6.0-alpine,jwt_hs_preparsed,5,20000,12.9073,9.0080,14.6800,57.2220,8.0950,1504.0500,30.2609,0.0620,v26.6.0,3.5.7,linux/x64
environment,condition,invocation,n,mean_us,median_us,p90_us,p99_us,min_us,max_us,stddev_us,timer_overhead_us,node_version,openssl_version,platform
node:26.6.0-alpine,jwt_hs_string_safe,5,20000,15.8101,9.9910,17.8850,67.5260,8.7850,1839.5690,41.5608,0.0610,v26.6.0,3.5.7,linux/x64
environment,condition,invocation,n,mean_us,median_us,p90_us,p99_us,min_us,max_us,stddev_us,timer_overhead_us,node_version,openssl_version,platform
node:26.6.0-alpine,probe_throws,5,20000,44.3775,39.0560,55.4330,92.2830,23.0840,4122.0020,35.7319,0.0600,v26.6.0,3.5.7,linux/x64
environment,condition,invocation,n,mean_us,median_us,p90_us,p99_us,min_us,max_us,stddev_us,timer_overhead_us,node_version,openssl_version,platform
node:26.6.0-alpine,probe_succeeds,5,20000,23.2359,18.5720,29.4100,63.5340,16.0000,9493.6740,111.5822,0.0570,v26.6.0,3.5.7,linux/x64
environment,condition,invocation,n,mean_us,median_us,p90_us,p99_us,min_us,max_us,stddev_us,timer_overhead_us,node_version,openssl_version,platform
node:26.6.0-alpine,jwt_hs_string,6,20000,67.3760,57.7740,88.5260,158.6760,35.5590,1525.0080,43.7985,0.0580,v26.6.0,3.5.7,linux/x64
environment,condition,invocation,n,mean_us,median_us,p90_us,p99_us,min_us,max_us,stddev_us,timer_overhead_us,node_version,openssl_version,platform
node:26.6.0-alpine,jwt_hs_preparsed,6,20000,12.3587,8.3570,14.5740,52.8680,7.5000,1000.0930,28.1260,0.0600,v26.6.0,3.5.7,linux/x64
environment,condition,invocation,n,mean_us,median_us,p90_us,p99_us,min_us,max_us,stddev_us,timer_overhead_us,node_version,openssl_version,platform
node:26.6.0-alpine,jwt_hs_string_safe,6,20000,13.4889,9.5700,14.9660,55.3940,8.6050,1270.4600,36.6141,0.0610,v26.6.0,3.5.7,linux/x64
environment,condition,invocation,n,mean_us,median_us,p90_us,p99_us,min_us,max_us,stddev_us,timer_overhead_us,node_version,openssl_version,platform
node:26.6.0-alpine,probe_throws,6,20000,49.6707,43.2900,65.4350,108.1620,25.6390,936.9220,25.1119,0.0600,v26.6.0,3.5.7,linux/x64
environment,condition,invocation,n,mean_us,median_us,p90_us,p99_us,min_us,max_us,stddev_us,timer_overhead_us,node_version,openssl_version,platform
node:26.6.0-alpine,probe_succeeds,6,20000,24.5046,19.3880,32.7930,64.7960,16.9650,10213.6020,113.9198,0.0600,v26.6.0,3.5.7,linux/x64
environment,condition,invocation,n,mean_us,median_us,p90_us,p99_us,min_us,max_us,stddev_us,timer_overhead_us,node_version,openssl_version,platform
node:26.6.0-alpine,jwt_hs_string,7,20000,70.9989,59.1940,94.9980,171.7960,39.2050,1198.0740,44.1429,0.0600,v26.6.0,3.5.7,linux/x64
environment,condition,invocation,n,mean_us,median_us,p90_us,p99_us,min_us,max_us,stddev_us,timer_overhead_us,node_version,openssl_version,platform
node:26.6.0-alpine,jwt_hs_preparsed,7,20000,10.9523,7.8740,12.5250,47.8530,6.9230,1479.3270,28.9066,0.0590,v26.6.0,3.5.7,linux/x64
environment,condition,invocation,n,mean_us,median_us,p90_us,p99_us,min_us,max_us,stddev_us,timer_overhead_us,node_version,openssl_version,platform
node:26.6.0-alpine,jwt_hs_string_safe,7,20000,13.9887,9.6890,14.8350,69.5960,8.6660,1465.8570,39.6814,0.0600,v26.6.0,3.5.7,linux/x64
environment,condition,invocation,n,mean_us,median_us,p90_us,p99_us,min_us,max_us,stddev_us,timer_overhead_us,node_version,openssl_version,platform
node:26.6.0-alpine,probe_throws,7,20000,62.8256,46.6870,69.6340,436.5700,37.3700,7358.6370,115.3527,0.0600,v26.6.0,3.5.7,linux/x64
environment,condition,invocation,n,mean_us,median_us,p90_us,p99_us,min_us,max_us,stddev_us,timer_overhead_us,node_version,openssl_version,platform
node:26.6.0-alpine,probe_succeeds,7,20000,24.5958,19.2550,32.6650,65.6590,16.7400,11450.3420,128.8537,0.0700,v26.6.0,3.5.7,linux/x64
environment,condition,invocation,n,mean_us,median_us,p90_us,p99_us,min_us,max_us,stddev_us,timer_overhead_us,node_version,openssl_version,platform
node:26.6.0-alpine,jwt_hs_string,8,20000,71.8648,59.0020,101.0060,195.5700,36.1190,1476.4700,50.5139,0.0600,v26.6.0,3.5.7,linux/x64
environment,condition,invocation,n,mean_us,median_us,p90_us,p99_us,min_us,max_us,stddev_us,timer_overhead_us,node_version,openssl_version,platform
node:26.6.0-alpine,jwt_hs_preparsed,8,20000,11.6930,8.2440,13.5670,54.1640,7.4890,834.8200,25.2025,0.0610,v26.6.0,3.5.7,linux/x64
environment,condition,invocation,n,mean_us,median_us,p90_us,p99_us,min_us,max_us,stddev_us,timer_overhead_us,node_version,openssl_version,platform
node:26.6.0-alpine,jwt_hs_string_safe,8,20000,13.9914,9.4770,16.9070,62.9310,8.5670,3953.5540,43.9516,0.0600,v26.6.0,3.5.7,linux/x64
environment,condition,invocation,n,mean_us,median_us,p90_us,p99_us,min_us,max_us,stddev_us,timer_overhead_us,node_version,openssl_version,platform
node:26.6.0-alpine,probe_throws,8,20000,44.7263,39.5310,55.2600,92.7670,25.9220,887.4420,21.8986,0.0600,v26.6.0,3.5.7,linux/x64
environment,condition,invocation,n,mean_us,median_us,p90_us,p99_us,min_us,max_us,stddev_us,timer_overhead_us,node_version,openssl_version,platform
node:26.6.0-alpine,probe_succeeds,8,20000,23.8891,19.2300,32.0480,66.2850,16.9100,11465.9270,101.2918,0.0600,v26.6.0,3.5.7,linux/x64
environment,condition,invocation,n,mean_us,median_us,p90_us,p99_us,min_us,max_us,stddev_us,timer_overhead_us,node_version,openssl_version,platform
node:26.6.0-alpine,jwt_hs_string,9,20000,68.4230,58.6070,89.1160,153.4470,35.4150,1973.0960,46.5425,0.0610,v26.6.0,3.5.7,linux/x64
environment,condition,invocation,n,mean_us,median_us,p90_us,p99_us,min_us,max_us,stddev_us,timer_overhead_us,node_version,openssl_version,platform
node:26.6.0-alpine,jwt_hs_preparsed,9,20000,11.6069,8.3150,13.2440,51.9450,7.3440,1354.4310,28.0189,0.0600,v26.6.0,3.5.7,linux/x64
environment,condition,invocation,n,mean_us,median_us,p90_us,p99_us,min_us,max_us,stddev_us,timer_overhead_us,node_version,openssl_version,platform
node:26.6.0-alpine,jwt_hs_string_safe,9,20000,14.0749,9.7890,16.0230,63.4450,8.5170,991.8110,34.6815,0.0600,v26.6.0,3.5.7,linux/x64
environment,condition,invocation,n,mean_us,median_us,p90_us,p99_us,min_us,max_us,stddev_us,timer_overhead_us,node_version,openssl_version,platform
node:26.6.0-alpine,probe_throws,9,20000,44.0696,39.3380,53.9940,91.5200,23.3290,980.4420,21.5142,0.0600,v26.6.0,3.5.7,linux/x64
environment,condition,invocation,n,mean_us,median_us,p90_us,p99_us,min_us,max_us,stddev_us,timer_overhead_us,node_version,openssl_version,platform
node:26.6.0-alpine,probe_succeeds,9,20000,23.9931,18.7560,30.3880,65.4250,16.3870,10471.7690,127.7525,0.0620,v26.6.0,3.5.7,linux/x64
environment,condition,invocation,n,mean_us,median_us,p90_us,p99_us,min_us,max_us,stddev_us,timer_overhead_us,node_version,openssl_version,platform
node:26.6.0-alpine,jwt_hs_string,10,20000,69.0216,58.9730,90.0250,173.3700,34.8810,2220.1140,48.6035,0.0600,v26.6.0,3.5.7,linux/x64
environment,condition,invocation,n,mean_us,median_us,p90_us,p99_us,min_us,max_us,stddev_us,timer_overhead_us,node_version,openssl_version,platform
node:26.6.0-alpine,jwt_hs_preparsed,10,20000,11.4625,7.9400,13.3190,55.1110,6.9230,1006.0180,26.1516,0.0600,v26.6.0,3.5.7,linux/x64
environment,condition,invocation,n,mean_us,median_us,p90_us,p99_us,min_us,max_us,stddev_us,timer_overhead_us,node_version,openssl_version,platform
node:26.6.0-alpine,jwt_hs_string_safe,10,20000,12.7853,9.2210,14.2620,53.2470,7.9640,2030.2310,35.3426,0.0600,v26.6.0,3.5.7,linux/x64
environment,condition,invocation,n,mean_us,median_us,p90_us,p99_us,min_us,max_us,stddev_us,timer_overhead_us,node_version,openssl_version,platform
node:26.6.0-alpine,probe_throws,10,20000,41.3542,38.2880,49.3830,80.4090,23.7200,718.0010,18.8320,0.0600,v26.6.0,3.5.7,linux/x64
environment,condition,invocation,n,mean_us,median_us,p90_us,p99_us,min_us,max_us,stddev_us,timer_overhead_us,node_version,openssl_version,platform
node:26.6.0-alpine,probe_succeeds,10,20000,24.3184,19.3150,32.2850,64.5200,16.6950,10531.7150,122.1520,0.0620,v26.6.0,3.5.7,linux/x64
